pass    aa-scrim (29089 ms)
pass    bundle (17219 ms)
pass    cards (72469 ms)
pass    cinema (37647 ms)
pass    decoder (70437 ms)
pass    font-network (28938 ms)
pass    games (60157 ms)
pass    gl (104532 ms)
pass    hunt (37115 ms)
skipped keyboard (4 ms)
pass    layout-gates (19386 ms)
FAIL    lenis (55000 ms)
FAIL    loaf (14686 ms)
pass    nav (89916 ms)
pass    plates-live (124286 ms)
pass    research-font (1147 ms)
pass    sound (49072 ms)
pass    split (10598 ms)
pass    spotlight (57018 ms)
pass    toys (40219 ms)
pass    words (101558 ms)
p3-probes: 21 probe(s), 2 failed → docs/build/motion-strips/p3-w3/probes-1024/p3-probes.json
exit 1
