FAIL    aa-scrim (30641 ms)
pass    bundle (17236 ms)
pass    cards (72921 ms)
pass    cinema (37374 ms)
FAIL    decoder (69370 ms)
pass    font-network (28802 ms)
FAIL    games (60334 ms)
pass    gl (103538 ms)
pass    hunt (36860 ms)
skipped keyboard (3 ms)
pass    layout-gates (19414 ms)
pass    lenis (53907 ms)
FAIL    loaf (14935 ms)
pass    nav (89963 ms)
pass    plates-live (119175 ms)
pass    research-font (999 ms)
pass    sound (48854 ms)
pass    split (10603 ms)
pass    spotlight (56742 ms)
pass    toys (40650 ms)
pass    words (101405 ms)
p3-probes: 21 probe(s), 4 failed → docs/build/motion-strips/p3-w3/probes-1024/p3-probes.json
exit 1
