pass    aa-scrim (39472 ms)
pass    bundle (17425 ms)
pass    cards (86972 ms)
pass    cinema (40507 ms)
pass    decoder (92809 ms)
pass    font-network (29217 ms)
FAIL    games (60893 ms)
pass    gl (122533 ms)
pass    hunt (39750 ms)
skipped keyboard (5 ms)
pass    layout-gates (19815 ms)
pass    lenis (56813 ms)
FAIL    loaf (14714 ms)
pass    nav (98524 ms)
pass    plates-live (152485 ms)
pass    research-font (1297 ms)
pass    sound (49418 ms)
pass    split (9787 ms)
pass    spotlight (54986 ms)
pass    toys (44428 ms)
pass    words (95802 ms)
p3-probes: 21 probe(s), 2 failed → docs/build/motion-strips/p3-w3/probes-1440/p3-probes.json
exit 1
