pass    aa-scrim (36170 ms)
pass    bundle (17330 ms)
pass    cards (81373 ms)
pass    cinema (40790 ms)
pass    decoder (92675 ms)
pass    font-network (28580 ms)
FAIL    games (59988 ms)
pass    gl (118766 ms)
pass    hunt (39459 ms)
skipped keyboard (3 ms)
pass    layout-gates (19428 ms)
pass    lenis (56691 ms)
FAIL    loaf (15435 ms)
pass    nav (100056 ms)
pass    plates-live (150332 ms)
pass    research-font (1067 ms)
pass    sound (49432 ms)
pass    split (9666 ms)
pass    spotlight (53307 ms)
pass    toys (43878 ms)
pass    words (95749 ms)
p3-probes: 21 probe(s), 2 failed → docs/build/motion-strips/p3-w3/probes-1440/p3-probes.json
exit 1
