pass    aa-scrim (42060 ms)
pass    bundle (17406 ms)
skipped cards (5 ms)
skipped cinema (6 ms)
FAIL    decoder (89767 ms)
pass    font-network (29584 ms)
skipped games (6 ms)
FAIL    gl (68546 ms)
skipped hunt (4 ms)
skipped keyboard (13 ms)
FAIL    layout-gates (17644 ms)
FAIL    lenis (56200 ms)
pass    loaf (15039 ms)
skipped plates-live (9 ms)
pass    research-font (1488 ms)
FAIL    sound (53258 ms)
FAIL    split (41550 ms)
pass    spotlight (56235 ms)
skipped words (8 ms)
p3-probes: 19 probe(s), 6 failed → docs/build/motion-strips/p3-w1/fix/probes-1024/p3-probes.json
