pass    aa-scrim (42334 ms)
pass    bundle (17545 ms)
skipped cards (4 ms)
skipped cinema (7 ms)
pass    decoder (204738 ms)
pass    font-network (30081 ms)
skipped games (6 ms)
FAIL    gl (75317 ms)
skipped hunt (4 ms)
skipped keyboard (4 ms)
FAIL    layout-gates (17758 ms)
FAIL    lenis (61157 ms)
pass    loaf (15460 ms)
skipped plates-live (5 ms)
pass    research-font (1572 ms)
FAIL    sound (53926 ms)
FAIL    split (53313 ms)
pass    spotlight (52424 ms)
skipped words (4 ms)
p3-probes: 19 probe(s), 5 failed → docs/build/motion-strips/p3-w1/fix/probes-1440/p3-probes.json
