pass    aa-scrim (70567 ms)
pass    bundle (17099 ms)
pass    cards (72563 ms)
pass    cinema (37640 ms)
pass    decoder (71784 ms)
pass    font-network (28757 ms)
pass    games (60366 ms)
pass    gl (105165 ms)
pass    hunt (37193 ms)
pass    keyboard (83755 ms)
pass    layout-gates (19304 ms)
pass    lenis (54070 ms)
FAIL    loaf (14558 ms)
pass    nav (89890 ms)
pass    plates-live (126494 ms)
pass    research-font (1345 ms)
pass    sound (49142 ms)
pass    split (20466 ms)
pass    spotlight (56752 ms)
pass    toys (41155 ms)
pass    words (54782 ms)
p3-probes: 21 probe(s), 1 failed → docs/build/motion-strips/p3-r1/probes-1024/p3-probes.json
