pass    aa-scrim (80952 ms)
pass    bundle (4623 ms)
pass    cards (6065 ms)
pass    cinema (5449 ms)
pass    decoder (34385 ms)
FAIL    font-network (39418 ms)
pass    games (9054 ms)
pass    gl (11483 ms)
pass    hunt (2273 ms)
FAIL    keyboard (153270 ms)
pass    layout-gates (19236 ms)
pass    lenis (37759 ms)
FAIL    loaf (11919 ms)
skipped nav (8 ms)
FAIL    plates-live (77508 ms)
pass    research-font (1637 ms)
pass    sound (33433 ms)
FAIL    split (90332 ms)
pass    spotlight (10282 ms)
pass    toys (10304 ms)
skipped words (5 ms)
p3-probes: 21 probe(s), 5 failed → docs/build/motion-strips/p3-r1/probes-1440-rm/p3-probes.json
