pass    aa-scrim (73805 ms)
pass    bundle (17081 ms)
pass    cards (84449 ms)
pass    cinema (40107 ms)
pass    decoder (92905 ms)
pass    font-network (28015 ms)
FAIL    games (61587 ms)
pass    gl (120583 ms)
pass    hunt (39219 ms)
pass    keyboard (84849 ms)
pass    layout-gates (19460 ms)
pass    lenis (58322 ms)
FAIL    loaf (15342 ms)
pass    nav (99895 ms)
pass    plates-live (150769 ms)
pass    research-font (1023 ms)
pass    sound (49161 ms)
pass    split (20645 ms)
pass    spotlight (53862 ms)
pass    toys (45064 ms)
pass    words (54070 ms)
p3-probes: 21 probe(s), 2 failed → docs/build/motion-strips/p3-r1/probes-1440/p3-probes.json
