shot D00-intro-play
shot D00-intro-flight-early
shot D00-intro-flight-mid
shot D00-intro-flight-late
shot D00-intro-landed
shot A00-intro-play
shot A00-intro-flight-early
shot A00-intro-flight-mid
shot A00-intro-flight-late
shot A00-intro-landed
shot D01-hero
shot D10-act-1-enter
shot D10-act-1-mid
shot D10-act-1-settled
shot D10-act-2-enter
shot D10-act-2-mid
shot D10-act-2-settled
shot D10-act-3-enter
shot D10-act-3-mid
shot D10-act-3-settled
shot D10-act-4-enter
shot D10-act-4-mid
shot D10-act-4-settled
shot D20-about-120
shot D21-journey-step-1
shot D22-journey-step-3
shot D23-journey-step-4
shot D24-work
shot D25-work-board
shot D26-trading-algos
shot D27-optuna-screener
shot D28-experiment
shot D29-systems
shot D30-kill-list
shot D31-voices
shot D32-beyond
shot D33-beyond-satchel
shot D34-beyond-wanted
shot D35-beyond-2800
shot D36-writing
shot D37-writing-1000
shot D38-principles
shot D39-principles-1000
shot D40-contact
shot D41-credits
shot D42-credits-1000
shot D43-films-pirates
shot D44-films-idiots
shot D45-films-rdr2
shot D46-films-hp
shot A01-hero
shot A10-act-1-enter
shot A10-act-1-mid
shot A10-act-1-settled
shot A10-act-2-enter
shot A10-act-2-mid
shot A10-act-2-settled
shot A10-act-3-enter
shot A10-act-3-mid
shot A10-act-3-settled
shot A10-act-4-enter
shot A10-act-4-mid
shot A10-act-4-settled
shot A20-about-120
shot A21-journey-step-1
shot A22-journey-step-3
shot A23-journey-step-4
shot A24-work
shot A25-work-board
shot A26-trading-algos
shot A27-optuna-screener
shot A28-experiment
shot A29-systems
shot A30-kill-list
shot A31-voices
shot A32-beyond
shot A33-beyond-satchel
shot A34-beyond-wanted
shot A35-beyond-2800
shot A36-writing
shot A37-writing-1000
shot A38-principles
shot A39-principles-1000
shot A40-contact
shot A41-credits
shot A42-credits-1000
shot A43-films-pirates
shot A44-films-idiots
shot A45-films-rdr2
shot A46-films-hp
shot rm-00-top
shot rm-01-act-1
shot rm-02-about
shot rm-03-journey
shot rm-04-act-2
shot rm-05-work
shot rm-06-work-717
shot rm-07-trading-algos
shot rm-08-optuna-screener
shot rm-09-optuna-screener-872
shot rm-10-experiment
shot rm-11-systems
shot rm-12-systems-632
shot rm-13-kill-list
shot rm-14-kill-list-611
shot rm-15-films
shot rm-16-films-2261
shot rm-17-act-3
shot rm-18-beyond
shot rm-19-beyond-1559
shot rm-20-writing
shot rm-21-writing-842
shot rm-22-voices
shot rm-23-act-4
shot rm-24-principles
shot rm-25-principles-895
shot rm-26-contact
shot rm-27-credits
DONE 118 frames; console errors 0 ; overflow 0
