pass    aa-scrim (70382 ms)
pass    bundle (4686 ms)
pass    cards (5993 ms)
pass    cinema (5463 ms)
pass    decoder (33588 ms)
FAIL    font-network (39875 ms)
pass    games (10181 ms)
pass    gl (11653 ms)
FAIL    hunt (2364 ms)
FAIL    keyboard (145320 ms)
FAIL    layout-gates (19668 ms)
pass    lenis (38115 ms)
pass    loaf (11919 ms)
skipped nav (7 ms)
FAIL    plates-live (77947 ms)
pass    research-font (1243 ms)
pass    sound (33581 ms)
FAIL    split (90614 ms)
pass    spotlight (10255 ms)
FAIL    toys (10562 ms)
skipped words (4 ms)
p3-probes: 21 probe(s), 7 failed → docs/build/motion-strips/p3-r2/probes-1440-rm/p3-probes.json
exit 1
