pass    aa-scrim (65233 ms)
pass    bundle (17156 ms)
pass    cards (88682 ms)
FAIL    cinema (40222 ms)
pass    decoder (102206 ms)
pass    font-network (26952 ms)
FAIL    games (61427 ms)
pass    gl (179944 ms)
FAIL    hunt (39679 ms)
FAIL    keyboard (81224 ms)
FAIL    layout-gates (20085 ms)
pass    lenis (57667 ms)
FAIL    loaf (15074 ms)
pass    nav (100092 ms)
pass    plates-live (156056 ms)
pass    research-font (970 ms)
pass    sound (49956 ms)
pass    split (18606 ms)
FAIL    spotlight (50767 ms)
FAIL    toys (84176 ms)
FAIL    words (52071 ms)
p3-probes: 21 probe(s), 9 failed → docs/build/motion-strips/p3-r2/probes-1440/p3-probes.json
