pass    aa-scrim (69568 ms)
pass    bundle (17336 ms)
pass    cards (81639 ms)
FAIL    cinema (38721 ms)
pass    decoder (81084 ms)
pass    font-network (28288 ms)
pass    games (62721 ms)
pass    gl (166875 ms)
FAIL    hunt (37775 ms)
FAIL    keyboard (80469 ms)
FAIL    layout-gates (20033 ms)
pass    lenis (56087 ms)
FAIL    loaf (14211 ms)
pass    nav (89684 ms)
pass    plates-live (131479 ms)
pass    research-font (1369 ms)
pass    sound (48690 ms)
pass    split (19907 ms)
FAIL    spotlight (53607 ms)
FAIL    toys (78579 ms)
FAIL    words (53475 ms)
p3-probes: 21 probe(s), 8 failed → docs/build/motion-strips/p3-r2/probes-1024/p3-probes.json
exit 1
