{
 "console": 68,
 "hydration": 0,
 "broken": [],
 "overflow": {
  "320": 0,
  "390": 0,
  "1024": 0,
  "1440": 0
 },
 "lcp": {
  "mobile": [
   {
    "t": 1588,
    "el": "IMG.object-cover",
    "url": "image?url=%2Fmedia%2Ffilms%2Fhero-sea-mobile.webp&w=750&q=75",
    "size": 89604
   },
   {
    "t": 2092,
    "el": "IMG.object-cover",
    "url": "image?url=%2Fmedia%2Ffilms%2Fhero-sea-mobile.webp&w=750&q=75",
    "size": 89604
   },
   {
    "t": 1624,
    "el": "IMG.object-cover",
    "url": "image?url=%2Fmedia%2Ffilms%2Fhero-sea-mobile.webp&w=750&q=75",
    "size": 89604
   }
  ],
  "desktop": [
   {
    "t": 748,
    "el": "VIDEO.",
    "url": "http://localhost:3161/media/films/intro-play-loop.webm",
    "size": 1295973
   },
   {
    "t": 904,
    "el": "VIDEO.",
    "url": "http://localhost:3161/media/films/intro-play-loop.webm",
    "size": 1295973
   },
   {
    "t": 748,
    "el": "VIDEO.",
    "url": "http://localhost:3161/media/films/intro-play-loop.webm",
    "size": 1295973
   }
  ]
 }
}
