shot m390-00-top
shot m390-01-act-1
shot m390-02-about
shot m390-03-about-1013
shot m390-04-journey
shot m390-05-act-2
shot m390-06-work
shot m390-07-work-795
shot m390-08-trading-algos
shot m390-09-trading-algos-768
shot m390-10-optuna-screener
shot m390-11-optuna-screener-2268
shot m390-12-experiment
shot m390-13-systems
shot m390-14-systems-1182
shot m390-15-kill-list
shot m390-16-kill-list-1223
shot m390-17-films
shot m390-18-films-2067
shot m390-19-act-3
shot m390-20-beyond
shot m390-21-beyond-1824
shot m390-22-writing
shot m390-23-writing-837
shot m390-24-voices
shot m390-25-act-4
shot m390-26-principles
shot m390-27-principles-889
shot m390-28-contact
shot m390-29-credits
shot m390-30-credits-762
DONE 31 frames; console errors 0 ; overflow 0
